CCS PCH C Compiler, Version 5.105Pd, 1               15-oct.-21 16:24
Compiler operating in Evaluation Mode
To obtain a fully enabled compiler visit www.ccsinfo.com/products

               Filename:   C:\Users\grego\OneDrive\Desktop\CSS_Practicas_OK\Práctica 6 - ADC Set Point\Proyecto\PIC18F4550\ADC Set Point.lst

               ROM used:   88 bytes (0%)
                           Largest free fragment is 24484
               RAM used:   5 (0%) at main() level
                           5 (0%) worst case
               Stack used: 0 locations
               Stack size: 31

*
2000:  GOTO   2008
.................... /************************************************************************************************
.................... Company:
.................... Microside Technology Inc.
.................... 
.................... Product Revision  :  1
.................... Device            :  X-TRAINER
.................... Driver Version    :  1.0
.................... ************************************************************************************************/
.................... 
.................... /*
.................... ---------------------------------------------------------------------------
.................... Implementar una lectura analógica de un potenciómetro, si el valor del ADC supera
.................... un Set Point, el LED encenderá.
.................... ---------------------------------------------------------------------------
.................... */
.................... 
.................... 
.................... #include <18F4550.h>                            //Incluye el microcontrolador con el que se va a trabajar 
.................... //////////// Standard Header file for the PIC18F4550 device ////////////////
.................... ///////////////////////////////////////////////////////////////////////////
.................... ////        (C) Copyright 1996, 2020 Custom Computer Services          ////
.................... //// This source code may only be used by licensed users of the CCS C  ////
.................... //// compiler.  This source code may only be distributed to other      ////
.................... //// licensed users of the CCS C compiler.  No other use, reproduction ////
.................... //// or distribution is permitted without written permission.          ////
.................... //// Derivative programs created using this software in object code    ////
.................... //// form are not restricted in any way.                               ////
.................... ///////////////////////////////////////////////////////////////////////////
.................... #device PIC18F4550
.................... 
.................... #list
.................... 
.................... #DEVICE ADC=8                                   //Configura el ADC a 8 bits
.................... #use delay(clock=48Mhz, crystal)                //Tipo de oscilador y frecuencia dependiendo del microcontrolador 
.................... #build(reset=0x02000,interrupt=0x02008)         //Asigna los vectores de reset e interrupción para la versión con bootloader
.................... #org 0x0000,0x1FFF {}                           //Reserva espacio en memoria para el bootloader
.................... 
.................... #define LED PIN_A4                              //Pin donde está conectado el LED del X-TRAINER
.................... 
.................... int ValorPot;                                   //Variable para almacenar el valor leído del ADC
.................... 
.................... void main()
*
2008:  CLRF   FF8
200A:  BCF    FD0.7
200C:  MOVF   FC1,W
200E:  ANDLW  C0
2010:  IORLW  0F
2012:  MOVWF  FC1
2014:  MOVLW  07
2016:  MOVWF  FB4
.................... 
.................... {
.................... 
....................    setup_oscillator(OSC_8MHZ);                    //Configura oscilador interno
2018:  MOVLW  70
201A:  MOVWF  FD3
201C:  MOVF   FD3,W
....................    setup_adc_ports (AN0);                         //Configura solo el puerto A0 como entrada analógica
201E:  MOVF   FC1,W
2020:  ANDLW  C0
2022:  IORLW  0E
2024:  MOVWF  FC1
....................    setup_adc (ADC_CLOCK_DIV_8);                   //Configura oscilador para la conversión
2026:  MOVF   FC0,W
2028:  ANDLW  C0
202A:  IORLW  01
202C:  MOVWF  FC0
202E:  BCF    FC0.7
2030:  BSF    FC2.0
.................... 
....................    while (1)
....................    {
.................... 
....................        set_adc_channel (0);                 //Selecciona el canal 0 para la conversión
2032:  MOVLW  00
2034:  MOVWF  01
2036:  MOVF   FC2,W
2038:  ANDLW  C3
203A:  IORWF  01,W
203C:  MOVWF  FC2
.................... 
....................        ValorPot = read_adc ();              //Lee el valor del ADC y lo guarda en la variable
203E:  BSF    FC2.1
2040:  BTFSC  FC2.1
2042:  BRA    2040
2044:  MOVFF  FC4,04
.................... 
....................       if (ValorPot >= 128)                  //Compara el valor de el ADC con 128
2048:  MOVF   04,W
204A:  SUBLW  7F
204C:  BC    2054
....................              {
....................                      output_HIGH (LED);     // Leds activos
204E:  BCF    F92.4
2050:  BSF    F89.4
....................              }
2052:  BRA    2058
.................... 
....................       else
....................              {
....................                     output_LOW (LED);       // Leds activos
2054:  BCF    F92.4
2056:  BCF    F89.4
....................              }
2058:  BRA    2032
....................    }
.................... }
.................... 
205A:  SLEEP 
....................  

Configuration Fuses:
   Word  1: CC07   PLL12 CPUDIV1 NOUSBDIV HS FCMEN IESO
   Word  2: 1E3E   PUT BROWNOUT BORV21 VREGEN NOWDT WDT32768
   Word  3: 8700   CCP2C1 PBADEN LPT1OSC MCLR
   Word  4: 00A1   STVREN NOLVP ICSP2 NOXINST NODEBUG
   Word  5: C00F   NOPROTECT NOCPB NOCPD
   Word  6: E00F   NOWRT NOWRTC NOWRTB NOWRTD
   Word  7: 400F   NOEBTR NOEBTRB
